Testing with parameters: n_workers=2, n_items=8
Testing exception resilency ... 
Done
Testing minimal and maximal concurrency ... 
Done
Testing shutdown ... 
Done
OK
