Testing with parameters: n_workers=3, n_items=2
Testing exception resilency ... 
Done
Testing minimal and maximal concurrency ... 
Done
Testing shutdown ... 
Done
OK
