Testing with parameters: n_workers=4, n_items=4
Testing exception resilency ... 
Done
Testing minimal and maximal concurrency ... 
Done
Testing shutdown ... 
Done
OK
