Testing with parameters: n_workers=8, n_items=1
Testing exception resilency ... 
Done
Testing minimal and maximal concurrency ... 
Done
Testing shutdown ... 
Done
OK
